// Jest Snapshot v1, https://goo.gl/fbAQLP

exports[`<SurveyForm /> should render SurveyForm 1`] = `
<form
  noValidate={true}
  onSubmit={[Function]}
>
  <div
    className="ant-row ant-form-item"
    style={undefined}
  >
    <div
      className="ant-form-item-control-wrapper"
    >
      <div
        className="ant-form-item-control "
      >
        <div>
          <h3>
            Has Blood Test
          </h3>
          <div
            className=""
          >
            <div
              className="form-item"
            >
              <div
                className="ant-radio-group"
                onMouseEnter={undefined}
                onMouseLeave={undefined}
                style={undefined}
              >
                <label
                  className="ant-radio-wrapper"
                  onMouseEnter={undefined}
                  onMouseLeave={undefined}
                  style={undefined}
                >
                  <span
                    className="ant-radio"
                    style={Object {}}
                  >
                    <input
                      checked={false}
                      className="ant-radio-input"
                      disabled={false}
                      name={undefined}
                      onBlur={[Function]}
                      onChange={[Function]}
                      onClick={undefined}
                      onFocus={[Function]}
                      readOnly={undefined}
                      tabIndex={undefined}
                      type="radio"
                    />
                    <span
                      className="ant-radio-inner"
                    />
                  </span>
                  <span>
                    Yes
                  </span>
                </label>
                <label
                  className="ant-radio-wrapper"
                  onMouseEnter={undefined}
                  onMouseLeave={undefined}
                  style={undefined}
                >
                  <span
                    className="ant-radio"
                    style={Object {}}
                  >
                    <input
                      checked={false}
                      className="ant-radio-input"
                      disabled={false}
                      name={undefined}
                      onBlur={[Function]}
                      onChange={[Function]}
                      onClick={undefined}
                      onFocus={[Function]}
                      readOnly={undefined}
                      tabIndex={undefined}
                      type="radio"
                    />
                    <span
                      className="ant-radio-inner"
                    />
                  </span>
                  <span>
                    No
                  </span>
                </label>
              </div>
            </div>
          </div>
        </div>
      </div>
    </div>
  </div>
  <div
    className="ant-row ant-form-item"
    style={undefined}
  >
    <div
      className="ant-form-item-control-wrapper"
    >
      <div
        className="ant-form-item-control "
      >
        <div>
          <h3>
            Blood pressure: systolic
          </h3>
          <div
            className=""
          >
            <div
              className="form-item"
            >
              <div
                className="ant-radio-group"
                onMouseEnter={undefined}
                onMouseLeave={undefined}
                style={undefined}
              >
                <label
                  className="ant-radio-wrapper"
                  onMouseEnter={undefined}
                  onMouseLeave={undefined}
                  style={undefined}
                >
                  <span
                    className="ant-radio"
                    style={Object {}}
                  >
                    <input
                      checked={false}
                      className="ant-radio-input"
                      disabled={false}
                      name={undefined}
                      onBlur={[Function]}
                      onChange={[Function]}
                      onClick={undefined}
                      onFocus={[Function]}
                      readOnly={undefined}
                      tabIndex={undefined}
                      type="radio"
                    />
                    <span
                      className="ant-radio-inner"
                    />
                  </span>
                  <span>
                    Below 100
                  </span>
                </label>
                <label
                  className="ant-radio-wrapper"
                  onMouseEnter={undefined}
                  onMouseLeave={undefined}
                  style={undefined}
                >
                  <span
                    className="ant-radio"
                    style={Object {}}
                  >
                    <input
                      checked={false}
                      className="ant-radio-input"
                      disabled={false}
                      name={undefined}
                      onBlur={[Function]}
                      onChange={[Function]}
                      onClick={undefined}
                      onFocus={[Function]}
                      readOnly={undefined}
                      tabIndex={undefined}
                      type="radio"
                    />
                    <span
                      className="ant-radio-inner"
                    />
                  </span>
                  <span>
                    100-120
                  </span>
                </label>
                <label
                  className="ant-radio-wrapper"
                  onMouseEnter={undefined}
                  onMouseLeave={undefined}
                  style={undefined}
                >
                  <span
                    className="ant-radio"
                    style={Object {}}
                  >
                    <input
                      checked={false}
                      className="ant-radio-input"
                      disabled={false}
                      name={undefined}
                      onBlur={[Function]}
                      onChange={[Function]}
                      onClick={undefined}
                      onFocus={[Function]}
                      readOnly={undefined}
                      tabIndex={undefined}
                      type="radio"
                    />
                    <span
                      className="ant-radio-inner"
                    />
                  </span>
                  <span>
                    121-140
                  </span>
                </label>
                <label
                  className="ant-radio-wrapper"
                  onMouseEnter={undefined}
                  onMouseLeave={undefined}
                  style={undefined}
                >
                  <span
                    className="ant-radio"
                    style={Object {}}
                  >
                    <input
                      checked={false}
                      className="ant-radio-input"
                      disabled={false}
                      name={undefined}
                      onBlur={[Function]}
                      onChange={[Function]}
                      onClick={undefined}
                      onFocus={[Function]}
                      readOnly={undefined}
                      tabIndex={undefined}
                      type="radio"
                    />
                    <span
                      className="ant-radio-inner"
                    />
                  </span>
                  <span>
                    Above 140
                  </span>
                </label>
              </div>
            </div>
          </div>
        </div>
      </div>
    </div>
  </div>
  <div
    className="ant-row ant-form-item"
    style={undefined}
  >
    <div
      className="ant-form-item-control-wrapper"
    >
      <div
        className="ant-form-item-control "
      >
        <div>
          <h3>
            Blood pressure: diastolic
          </h3>
          <div
            className=""
          >
            <div
              className="form-item"
            >
              <div
                className="ant-radio-group"
                onMouseEnter={undefined}
                onMouseLeave={undefined}
                style={undefined}
              >
                <label
                  className="ant-radio-wrapper"
                  onMouseEnter={undefined}
                  onMouseLeave={undefined}
                  style={undefined}
                >
                  <span
                    className="ant-radio"
                    style={Object {}}
                  >
                    <input
                      checked={false}
                      className="ant-radio-input"
                      disabled={false}
                      name={undefined}
                      onBlur={[Function]}
                      onChange={[Function]}
                      onClick={undefined}
                      onFocus={[Function]}
                      readOnly={undefined}
                      tabIndex={undefined}
                      type="radio"
                    />
                    <span
                      className="ant-radio-inner"
                    />
                  </span>
                  <span>
                    Below 60
                  </span>
                </label>
                <label
                  className="ant-radio-wrapper"
                  onMouseEnter={undefined}
                  onMouseLeave={undefined}
                  style={undefined}
                >
                  <span
                    className="ant-radio"
                    style={Object {}}
                  >
                    <input
                      checked={false}
                      className="ant-radio-input"
                      disabled={false}
                      name={undefined}
                      onBlur={[Function]}
                      onChange={[Function]}
                      onClick={undefined}
                      onFocus={[Function]}
                      readOnly={undefined}
                      tabIndex={undefined}
                      type="radio"
                    />
                    <span
                      className="ant-radio-inner"
                    />
                  </span>
                  <span>
                    60-80
                  </span>
                </label>
                <label
                  className="ant-radio-wrapper"
                  onMouseEnter={undefined}
                  onMouseLeave={undefined}
                  style={undefined}
                >
                  <span
                    className="ant-radio"
                    style={Object {}}
                  >
                    <input
                      checked={false}
                      className="ant-radio-input"
                      disabled={false}
                      name={undefined}
                      onBlur={[Function]}
                      onChange={[Function]}
                      onClick={undefined}
                      onFocus={[Function]}
                      readOnly={undefined}
                      tabIndex={undefined}
                      type="radio"
                    />
                    <span
                      className="ant-radio-inner"
                    />
                  </span>
                  <span>
                    81-100
                  </span>
                </label>
                <label
                  className="ant-radio-wrapper"
                  onMouseEnter={undefined}
                  onMouseLeave={undefined}
                  style={undefined}
                >
                  <span
                    className="ant-radio"
                    style={Object {}}
                  >
                    <input
                      checked={false}
                      className="ant-radio-input"
                      disabled={false}
                      name={undefined}
                      onBlur={[Function]}
                      onChange={[Function]}
                      onClick={undefined}
                      onFocus={[Function]}
                      readOnly={undefined}
                      tabIndex={undefined}
                      type="radio"
                    />
                    <span
                      className="ant-radio-inner"
                    />
                  </span>
                  <span>
                    Above 100
                  </span>
                </label>
              </div>
            </div>
          </div>
        </div>
      </div>
    </div>
  </div>
  <div
    className="ant-row ant-form-item"
    style={undefined}
  >
    <div
      className="ant-form-item-control-wrapper"
    >
      <div
        className="ant-form-item-control "
      >
        <div>
          <h3>
            Drug Use
          </h3>
          <div
            className=""
          >
            <div
              className="form-item"
            >
              <div
                className="ant-checkbox-group"
              >
                <label
                  className="ant-checkbox-group-item ant-checkbox-wrapper"
                  onMouseEnter={undefined}
                  onMouseLeave={undefined}
                  style={undefined}
                >
                  <span
                    className="ant-checkbox"
                    style={Object {}}
                  >
                    <input
                      checked={false}
                      className="ant-checkbox-input"
                      disabled={undefined}
                      name={undefined}
                      onBlur={[Function]}
                      onChange={[Function]}
                      onClick={undefined}
                      onFocus={[Function]}
                      readOnly={undefined}
                      tabIndex={undefined}
                      type="checkbox"
                    />
                    <span
                      className="ant-checkbox-inner"
                    />
                  </span>
                  <span>
                    Smoke cigarettes or use other tobacco products
                  </span>
                </label>
                <label
                  className="ant-checkbox-group-item ant-checkbox-wrapper"
                  onMouseEnter={undefined}
                  onMouseLeave={undefined}
                  style={undefined}
                >
                  <span
                    className="ant-checkbox"
                    style={Object {}}
                  >
                    <input
                      checked={false}
                      className="ant-checkbox-input"
                      disabled={undefined}
                      name={undefined}
                      onBlur={[Function]}
                      onChange={[Function]}
                      onClick={undefined}
                      onFocus={[Function]}
                      readOnly={undefined}
                      tabIndex={undefined}
                      type="checkbox"
                    />
                    <span
                      className="ant-checkbox-inner"
                    />
                  </span>
                  <span>
                    Drink more than 2 alcoholic beverages per day
                  </span>
                </label>
                <label
                  className="ant-checkbox-group-item ant-checkbox-wrapper"
                  onMouseEnter={undefined}
                  onMouseLeave={undefined}
                  style={undefined}
                >
                  <span
                    className="ant-checkbox"
                    style={Object {}}
                  >
                    <input
                      checked={false}
                      className="ant-checkbox-input"
                      disabled={undefined}
                      name={undefined}
                      onBlur={[Function]}
                      onChange={[Function]}
                      onClick={undefined}
                      onFocus={[Function]}
                      readOnly={undefined}
                      tabIndex={undefined}
                      type="checkbox"
                    />
                    <span
                      className="ant-checkbox-inner"
                    />
                  </span>
                  <span>
                    Use a recreational drug called amyl nitrate or butyl nitrite (Poppers, Rush)
                  </span>
                </label>
                <label
                  className="ant-checkbox-group-item ant-checkbox-wrapper"
                  onMouseEnter={undefined}
                  onMouseLeave={undefined}
                  style={undefined}
                >
                  <span
                    className="ant-checkbox"
                    style={Object {}}
                  >
                    <input
                      checked={false}
                      className="ant-checkbox-input"
                      disabled={undefined}
                      name={undefined}
                      onBlur={[Function]}
                      onChange={[Function]}
                      onClick={undefined}
                      onFocus={[Function]}
                      readOnly={undefined}
                      tabIndex={undefined}
                      type="checkbox"
                    />
                    <span
                      className="ant-checkbox-inner"
                    />
                  </span>
                  <span>
                    Use other recreational drugs
                  </span>
                </label>
                <label
                  className="ant-checkbox-group-item ant-checkbox-wrapper"
                  onMouseEnter={undefined}
                  onMouseLeave={undefined}
                  style={undefined}
                >
                  <span
                    className="ant-checkbox"
                    style={Object {}}
                  >
                    <input
                      checked={false}
                      className="ant-checkbox-input"
                      disabled={undefined}
                      name={undefined}
                      onBlur={[Function]}
                      onChange={[Function]}
                      onClick={undefined}
                      onFocus={[Function]}
                      readOnly={undefined}
                      tabIndex={undefined}
                      type="checkbox"
                    />
                    <span
                      className="ant-checkbox-inner"
                    />
                  </span>
                  <span>
                    None apply
                  </span>
                </label>
              </div>
            </div>
          </div>
        </div>
      </div>
    </div>
  </div>
  <div
    className="ant-row ant-form-item"
    style={undefined}
  >
    <div
      className="ant-form-item-control-wrapper"
    >
      <div
        className="ant-form-item-control "
      >
        <div>
          <h3>
            Conditions
          </h3>
          <div
            className=""
          >
            <div
              className="form-item"
            >
              <div
                className="ant-checkbox-group"
              >
                <label
                  className="ant-checkbox-group-item ant-checkbox-wrapper"
                  onMouseEnter={undefined}
                  onMouseLeave={undefined}
                  style={undefined}
                >
                  <span
                    className="ant-checkbox"
                    style={Object {}}
                  >
                    <input
                      checked={false}
                      className="ant-checkbox-input"
                      disabled={undefined}
                      name={undefined}
                      onBlur={[Function]}
                      onChange={[Function]}
                      onClick={undefined}
                      onFocus={[Function]}
                      readOnly={undefined}
                      tabIndex={undefined}
                      type="checkbox"
                    />
                    <span
                      className="ant-checkbox-inner"
                    />
                  </span>
                  <span>
                    Any condition where sex is not advised
                  </span>
                </label>
                <label
                  className="ant-checkbox-group-item ant-checkbox-wrapper"
                  onMouseEnter={undefined}
                  onMouseLeave={undefined}
                  style={undefined}
                >
                  <span
                    className="ant-checkbox"
                    style={Object {}}
                  >
                    <input
                      checked={false}
                      className="ant-checkbox-input"
                      disabled={undefined}
                      name={undefined}
                      onBlur={[Function]}
                      onChange={[Function]}
                      onClick={undefined}
                      onFocus={[Function]}
                      readOnly={undefined}
                      tabIndex={undefined}
                      type="checkbox"
                    />
                    <span
                      className="ant-checkbox-inner"
                    />
                  </span>
                  <span>
                    Kidney problems including having had a kidney transplant
                  </span>
                </label>
                <label
                  className="ant-checkbox-group-item ant-checkbox-wrapper"
                  onMouseEnter={undefined}
                  onMouseLeave={undefined}
                  style={undefined}
                >
                  <span
                    className="ant-checkbox"
                    style={Object {}}
                  >
                    <input
                      checked={false}
                      className="ant-checkbox-input"
                      disabled={undefined}
                      name={undefined}
                      onBlur={[Function]}
                      onChange={[Function]}
                      onClick={undefined}
                      onFocus={[Function]}
                      readOnly={undefined}
                      tabIndex={undefined}
                      type="checkbox"
                    />
                    <span
                      className="ant-checkbox-inner"
                    />
                  </span>
                  <span>
                    Liver problems
                  </span>
                </label>
                <label
                  className="ant-checkbox-group-item ant-checkbox-wrapper"
                  onMouseEnter={undefined}
                  onMouseLeave={undefined}
                  style={undefined}
                >
                  <span
                    className="ant-checkbox"
                    style={Object {}}
                  >
                    <input
                      checked={false}
                      className="ant-checkbox-input"
                      disabled={undefined}
                      name={undefined}
                      onBlur={[Function]}
                      onChange={[Function]}
                      onClick={undefined}
                      onFocus={[Function]}
                      readOnly={undefined}
                      tabIndex={undefined}
                      type="checkbox"
                    />
                    <span
                      className="ant-checkbox-inner"
                    />
                  </span>
                  <span>
                    Neurological problems like multiple sclerosis or motor neuron disease
                  </span>
                </label>
                <label
                  className="ant-checkbox-group-item ant-checkbox-wrapper"
                  onMouseEnter={undefined}
                  onMouseLeave={undefined}
                  style={undefined}
                >
                  <span
                    className="ant-checkbox"
                    style={Object {}}
                  >
                    <input
                      checked={false}
                      className="ant-checkbox-input"
                      disabled={undefined}
                      name={undefined}
                      onBlur={[Function]}
                      onChange={[Function]}
                      onClick={undefined}
                      onFocus={[Function]}
                      readOnly={undefined}
                      tabIndex={undefined}
                      type="checkbox"
                    />
                    <span
                      className="ant-checkbox-inner"
                    />
                  </span>
                  <span>
                    HIV
                  </span>
                </label>
                <label
                  className="ant-checkbox-group-item ant-checkbox-wrapper"
                  onMouseEnter={undefined}
                  onMouseLeave={undefined}
                  style={undefined}
                >
                  <span
                    className="ant-checkbox"
                    style={Object {}}
                  >
                    <input
                      checked={false}
                      className="ant-checkbox-input"
                      disabled={undefined}
                      name={undefined}
                      onBlur={[Function]}
                      onChange={[Function]}
                      onClick={undefined}
                      onFocus={[Function]}
                      readOnly={undefined}
                      tabIndex={undefined}
                      type="checkbox"
                    />
                    <span
                      className="ant-checkbox-inner"
                    />
                  </span>
                  <span>
                    Spinal injury or paralysis
                  </span>
                </label>
                <label
                  className="ant-checkbox-group-item ant-checkbox-wrapper"
                  onMouseEnter={undefined}
                  onMouseLeave={undefined}
                  style={undefined}
                >
                  <span
                    className="ant-checkbox"
                    style={Object {}}
                  >
                    <input
                      checked={false}
                      className="ant-checkbox-input"
                      disabled={undefined}
                      name={undefined}
                      onBlur={[Function]}
                      onChange={[Function]}
                      onClick={undefined}
                      onFocus={[Function]}
                      readOnly={undefined}
                      tabIndex={undefined}
                      type="checkbox"
                    />
                    <span
                      className="ant-checkbox-inner"
                    />
                  </span>
                  <span>
                    Previous surgery on your prostate or pelvis
                  </span>
                </label>
                <label
                  className="ant-checkbox-group-item ant-checkbox-wrapper"
                  onMouseEnter={undefined}
                  onMouseLeave={undefined}
                  style={undefined}
                >
                  <span
                    className="ant-checkbox"
                    style={Object {}}
                  >
                    <input
                      checked={false}
                      className="ant-checkbox-input"
                      disabled={undefined}
                      name={undefined}
                      onBlur={[Function]}
                      onChange={[Function]}
                      onClick={undefined}
                      onFocus={[Function]}
                      readOnly={undefined}
                      tabIndex={undefined}
                      type="checkbox"
                    />
                    <span
                      className="ant-checkbox-inner"
                    />
                  </span>
                  <span>
                    Radiation therapy to your pelvis
                  </span>
                </label>
                <label
                  className="ant-checkbox-group-item ant-checkbox-wrapper"
                  onMouseEnter={undefined}
                  onMouseLeave={undefined}
                  style={undefined}
                >
                  <span
                    className="ant-checkbox"
                    style={Object {}}
                  >
                    <input
                      checked={false}
                      className="ant-checkbox-input"
                      disabled={undefined}
                      name={undefined}
                      onBlur={[Function]}
                      onChange={[Function]}
                      onClick={undefined}
                      onFocus={[Function]}
                      readOnly={undefined}
                      tabIndex={undefined}
                      type="checkbox"
                    />
                    <span
                      className="ant-checkbox-inner"
                    />
                  </span>
                  <span>
                    None apply
                  </span>
                </label>
              </div>
            </div>
          </div>
        </div>
      </div>
    </div>
  </div>
  <div
    className="ant-row ant-form-item"
    style={undefined}
  >
    <div
      className="ant-form-item-control-wrapper"
    >
      <div
        className="ant-form-item-control "
      >
        <div>
          <h3>
            Genital Issues
          </h3>
          <div
            className=""
          >
            <div
              className="form-item"
            >
              <div
                className="ant-checkbox-group"
              >
                <label
                  className="ant-checkbox-group-item ant-checkbox-wrapper"
                  onMouseEnter={undefined}
                  onMouseLeave={undefined}
                  style={undefined}
                >
                  <span
                    className="ant-checkbox"
                    style={Object {}}
                  >
                    <input
                      checked={false}
                      className="ant-checkbox-input"
                      disabled={undefined}
                      name={undefined}
                      onBlur={[Function]}
                      onChange={[Function]}
                      onClick={undefined}
                      onFocus={[Function]}
                      readOnly={undefined}
                      tabIndex={undefined}
                      type="checkbox"
                    />
                    <span
                      className="ant-checkbox-inner"
                    />
                  </span>
                  <span>
                    Physical abnormalities of the penis, curving or bending of the penis making it hard for sex, including Peyronie’s disease
                  </span>
                </label>
                <label
                  className="ant-checkbox-group-item ant-checkbox-wrapper"
                  onMouseEnter={undefined}
                  onMouseLeave={undefined}
                  style={undefined}
                >
                  <span
                    className="ant-checkbox"
                    style={Object {}}
                  >
                    <input
                      checked={false}
                      className="ant-checkbox-input"
                      disabled={undefined}
                      name={undefined}
                      onBlur={[Function]}
                      onChange={[Function]}
                      onClick={undefined}
                      onFocus={[Function]}
                      readOnly={undefined}
                      tabIndex={undefined}
                      type="checkbox"
                    />
                    <span
                      className="ant-checkbox-inner"
                    />
                  </span>
                  <span>
                    Scarring of the penis. Feels like lumps or hard tissue under the skin
                  </span>
                </label>
                <label
                  className="ant-checkbox-group-item ant-checkbox-wrapper"
                  onMouseEnter={undefined}
                  onMouseLeave={undefined}
                  style={undefined}
                >
                  <span
                    className="ant-checkbox"
                    style={Object {}}
                  >
                    <input
                      checked={false}
                      className="ant-checkbox-input"
                      disabled={undefined}
                      name={undefined}
                      onBlur={[Function]}
                      onChange={[Function]}
                      onClick={undefined}
                      onFocus={[Function]}
                      readOnly={undefined}
                      tabIndex={undefined}
                      type="checkbox"
                    />
                    <span
                      className="ant-checkbox-inner"
                    />
                  </span>
                  <span>
                    Pain with erections
                  </span>
                </label>
                <label
                  className="ant-checkbox-group-item ant-checkbox-wrapper"
                  onMouseEnter={undefined}
                  onMouseLeave={undefined}
                  style={undefined}
                >
                  <span
                    className="ant-checkbox"
                    style={Object {}}
                  >
                    <input
                      checked={false}
                      className="ant-checkbox-input"
                      disabled={undefined}
                      name={undefined}
                      onBlur={[Function]}
                      onChange={[Function]}
                      onClick={undefined}
                      onFocus={[Function]}
                      readOnly={undefined}
                      tabIndex={undefined}
                      type="checkbox"
                    />
                    <span
                      className="ant-checkbox-inner"
                    />
                  </span>
                  <span>
                    Tight foreskin (learn more pop up)
                  </span>
                </label>
                <label
                  className="ant-checkbox-group-item ant-checkbox-wrapper"
                  onMouseEnter={undefined}
                  onMouseLeave={undefined}
                  style={undefined}
                >
                  <span
                    className="ant-checkbox"
                    style={Object {}}
                  >
                    <input
                      checked={false}
                      className="ant-checkbox-input"
                      disabled={undefined}
                      name={undefined}
                      onBlur={[Function]}
                      onChange={[Function]}
                      onClick={undefined}
                      onFocus={[Function]}
                      readOnly={undefined}
                      tabIndex={undefined}
                      type="checkbox"
                    />
                    <span
                      className="ant-checkbox-inner"
                    />
                  </span>
                  <span>
                    None apply
                  </span>
                </label>
              </div>
            </div>
          </div>
        </div>
      </div>
    </div>
  </div>
  <div
    className="ant-row ant-form-item"
    style={undefined}
  >
    <div
      className="ant-form-item-control-wrapper"
    >
      <div
        className="ant-form-item-control "
      >
        <div>
          <h3>
            Heart, Blood pressure, or Cardiovascular Problems
          </h3>
          <div
            className=""
          >
            <div
              className="form-item"
            >
              <div
                className="ant-checkbox-group"
              >
                <label
                  className="ant-checkbox-group-item ant-checkbox-wrapper"
                  onMouseEnter={undefined}
                  onMouseLeave={undefined}
                  style={undefined}
                >
                  <span
                    className="ant-checkbox"
                    style={Object {}}
                  >
                    <input
                      checked={false}
                      className="ant-checkbox-input"
                      disabled={undefined}
                      name={undefined}
                      onBlur={[Function]}
                      onChange={[Function]}
                      onClick={undefined}
                      onFocus={[Function]}
                      readOnly={undefined}
                      tabIndex={undefined}
                      type="checkbox"
                    />
                    <span
                      className="ant-checkbox-inner"
                    />
                  </span>
                  <span>
                    Low blood pressure
                  </span>
                </label>
                <label
                  className="ant-checkbox-group-item ant-checkbox-wrapper"
                  onMouseEnter={undefined}
                  onMouseLeave={undefined}
                  style={undefined}
                >
                  <span
                    className="ant-checkbox"
                    style={Object {}}
                  >
                    <input
                      checked={false}
                      className="ant-checkbox-input"
                      disabled={undefined}
                      name={undefined}
                      onBlur={[Function]}
                      onChange={[Function]}
                      onClick={undefined}
                      onFocus={[Function]}
                      readOnly={undefined}
                      tabIndex={undefined}
                      type="checkbox"
                    />
                    <span
                      className="ant-checkbox-inner"
                    />
                  </span>
                  <span>
                    Angina
                  </span>
                </label>
                <label
                  className="ant-checkbox-group-item ant-checkbox-wrapper"
                  onMouseEnter={undefined}
                  onMouseLeave={undefined}
                  style={undefined}
                >
                  <span
                    className="ant-checkbox"
                    style={Object {}}
                  >
                    <input
                      checked={false}
                      className="ant-checkbox-input"
                      disabled={undefined}
                      name={undefined}
                      onBlur={[Function]}
                      onChange={[Function]}
                      onClick={undefined}
                      onFocus={[Function]}
                      readOnly={undefined}
                      tabIndex={undefined}
                      type="checkbox"
                    />
                    <span
                      className="ant-checkbox-inner"
                    />
                  </span>
                  <span>
                    Heart attack
                  </span>
                </label>
                <label
                  className="ant-checkbox-group-item ant-checkbox-wrapper"
                  onMouseEnter={undefined}
                  onMouseLeave={undefined}
                  style={undefined}
                >
                  <span
                    className="ant-checkbox"
                    style={Object {}}
                  >
                    <input
                      checked={false}
                      className="ant-checkbox-input"
                      disabled={undefined}
                      name={undefined}
                      onBlur={[Function]}
                      onChange={[Function]}
                      onClick={undefined}
                      onFocus={[Function]}
                      readOnly={undefined}
                      tabIndex={undefined}
                      type="checkbox"
                    />
                    <span
                      className="ant-checkbox-inner"
                    />
                  </span>
                  <span>
                    Heart failure
                  </span>
                </label>
                <label
                  className="ant-checkbox-group-item ant-checkbox-wrapper"
                  onMouseEnter={undefined}
                  onMouseLeave={undefined}
                  style={undefined}
                >
                  <span
                    className="ant-checkbox"
                    style={Object {}}
                  >
                    <input
                      checked={false}
                      className="ant-checkbox-input"
                      disabled={undefined}
                      name={undefined}
                      onBlur={[Function]}
                      onChange={[Function]}
                      onClick={undefined}
                      onFocus={[Function]}
                      readOnly={undefined}
                      tabIndex={undefined}
                      type="checkbox"
                    />
                    <span
                      className="ant-checkbox-inner"
                    />
                  </span>
                  <span>
                    Stroke
                  </span>
                </label>
                <label
                  className="ant-checkbox-group-item ant-checkbox-wrapper"
                  onMouseEnter={undefined}
                  onMouseLeave={undefined}
                  style={undefined}
                >
                  <span
                    className="ant-checkbox"
                    style={Object {}}
                  >
                    <input
                      checked={false}
                      className="ant-checkbox-input"
                      disabled={undefined}
                      name={undefined}
                      onBlur={[Function]}
                      onChange={[Function]}
                      onClick={undefined}
                      onFocus={[Function]}
                      readOnly={undefined}
                      tabIndex={undefined}
                      type="checkbox"
                    />
                    <span
                      className="ant-checkbox-inner"
                    />
                  </span>
                  <span>
                    History or family history of QT prolongation
                  </span>
                </label>
                <label
                  className="ant-checkbox-group-item ant-checkbox-wrapper"
                  onMouseEnter={undefined}
                  onMouseLeave={undefined}
                  style={undefined}
                >
                  <span
                    className="ant-checkbox"
                    style={Object {}}
                  >
                    <input
                      checked={false}
                      className="ant-checkbox-input"
                      disabled={undefined}
                      name={undefined}
                      onBlur={[Function]}
                      onChange={[Function]}
                      onClick={undefined}
                      onFocus={[Function]}
                      readOnly={undefined}
                      tabIndex={undefined}
                      type="checkbox"
                    />
                    <span
                      className="ant-checkbox-inner"
                    />
                  </span>
                  <span>
                    Heart arrhythmia
                  </span>
                </label>
                <label
                  className="ant-checkbox-group-item ant-checkbox-wrapper"
                  onMouseEnter={undefined}
                  onMouseLeave={undefined}
                  style={undefined}
                >
                  <span
                    className="ant-checkbox"
                    style={Object {}}
                  >
                    <input
                      checked={false}
                      className="ant-checkbox-input"
                      disabled={undefined}
                      name={undefined}
                      onBlur={[Function]}
                      onChange={[Function]}
                      onClick={undefined}
                      onFocus={[Function]}
                      readOnly={undefined}
                      tabIndex={undefined}
                      type="checkbox"
                    />
                    <span
                      className="ant-checkbox-inner"
                    />
                  </span>
                  <span>
                    Heart valve problems
                  </span>
                </label>
                <label
                  className="ant-checkbox-group-item ant-checkbox-wrapper"
                  onMouseEnter={undefined}
                  onMouseLeave={undefined}
                  style={undefined}
                >
                  <span
                    className="ant-checkbox"
                    style={Object {}}
                  >
                    <input
                      checked={false}
                      className="ant-checkbox-input"
                      disabled={undefined}
                      name={undefined}
                      onBlur={[Function]}
                      onChange={[Function]}
                      onClick={undefined}
                      onFocus={[Function]}
                      readOnly={undefined}
                      tabIndex={undefined}
                      type="checkbox"
                    />
                    <span
                      className="ant-checkbox-inner"
                    />
                  </span>
                  <span>
                    Hypertrophic obstructive cardiomyopathy (HCM)
                  </span>
                </label>
                <label
                  className="ant-checkbox-group-item ant-checkbox-wrapper"
                  onMouseEnter={undefined}
                  onMouseLeave={undefined}
                  style={undefined}
                >
                  <span
                    className="ant-checkbox"
                    style={Object {}}
                  >
                    <input
                      checked={false}
                      className="ant-checkbox-input"
                      disabled={undefined}
                      name={undefined}
                      onBlur={[Function]}
                      onChange={[Function]}
                      onClick={undefined}
                      onFocus={[Function]}
                      readOnly={undefined}
                      tabIndex={undefined}
                      type="checkbox"
                    />
                    <span
                      className="ant-checkbox-inner"
                    />
                  </span>
                  <span>
                    Peripheral vascular disease or claudication
                  </span>
                </label>
                <label
                  className="ant-checkbox-group-item ant-checkbox-wrapper"
                  onMouseEnter={undefined}
                  onMouseLeave={undefined}
                  style={undefined}
                >
                  <span
                    className="ant-checkbox"
                    style={Object {}}
                  >
                    <input
                      checked={false}
                      className="ant-checkbox-input"
                      disabled={undefined}
                      name={undefined}
                      onBlur={[Function]}
                      onChange={[Function]}
                      onClick={undefined}
                      onFocus={[Function]}
                      readOnly={undefined}
                      tabIndex={undefined}
                      type="checkbox"
                    />
                    <span
                      className="ant-checkbox-inner"
                    />
                  </span>
                  <span>
                    None apply
                  </span>
                </label>
              </div>
            </div>
          </div>
        </div>
      </div>
    </div>
  </div>
  <div
    className="ant-row ant-form-item"
    style={undefined}
  >
    <div
      className="ant-form-item-control-wrapper"
    >
      <div
        className="ant-form-item-control "
      >
        <div>
          <h3>
            Heart, Blood pressure, or Cardiovascular Problems
          </h3>
          <div
            className=""
          >
            <div
              className="form-item"
            >
              <div
                className="ant-checkbox-group"
              >
                <label
                  className="ant-checkbox-group-item ant-checkbox-wrapper"
                  onMouseEnter={undefined}
                  onMouseLeave={undefined}
                  style={undefined}
                >
                  <span
                    className="ant-checkbox"
                    style={Object {}}
                  >
                    <input
                      checked={false}
                      className="ant-checkbox-input"
                      disabled={undefined}
                      name={undefined}
                      onBlur={[Function]}
                      onChange={[Function]}
                      onClick={undefined}
                      onFocus={[Function]}
                      readOnly={undefined}
                      tabIndex={undefined}
                      type="checkbox"
                    />
                    <span
                      className="ant-checkbox-inner"
                    />
                  </span>
                  <span>
                    Chest pain or shortness of breath when climbing 2 flights of stairs or walking 4 blocks
                  </span>
                </label>
                <label
                  className="ant-checkbox-group-item ant-checkbox-wrapper"
                  onMouseEnter={undefined}
                  onMouseLeave={undefined}
                  style={undefined}
                >
                  <span
                    className="ant-checkbox"
                    style={Object {}}
                  >
                    <input
                      checked={false}
                      className="ant-checkbox-input"
                      disabled={undefined}
                      name={undefined}
                      onBlur={[Function]}
                      onChange={[Function]}
                      onClick={undefined}
                      onFocus={[Function]}
                      readOnly={undefined}
                      tabIndex={undefined}
                      type="checkbox"
                    />
                    <span
                      className="ant-checkbox-inner"
                    />
                  </span>
                  <span>
                    Chest pain or shortness of breath with sexual activity
                  </span>
                </label>
                <label
                  className="ant-checkbox-group-item ant-checkbox-wrapper"
                  onMouseEnter={undefined}
                  onMouseLeave={undefined}
                  style={undefined}
                >
                  <span
                    className="ant-checkbox"
                    style={Object {}}
                  >
                    <input
                      checked={false}
                      className="ant-checkbox-input"
                      disabled={undefined}
                      name={undefined}
                      onBlur={[Function]}
                      onChange={[Function]}
                      onClick={undefined}
                      onFocus={[Function]}
                      readOnly={undefined}
                      tabIndex={undefined}
                      type="checkbox"
                    />
                    <span
                      className="ant-checkbox-inner"
                    />
                  </span>
                  <span>
                    Unexplained fainting or dizziness
                  </span>
                </label>
                <label
                  className="ant-checkbox-group-item ant-checkbox-wrapper"
                  onMouseEnter={undefined}
                  onMouseLeave={undefined}
                  style={undefined}
                >
                  <span
                    className="ant-checkbox"
                    style={Object {}}
                  >
                    <input
                      checked={false}
                      className="ant-checkbox-input"
                      disabled={undefined}
                      name={undefined}
                      onBlur={[Function]}
                      onChange={[Function]}
                      onClick={undefined}
                      onFocus={[Function]}
                      readOnly={undefined}
                      tabIndex={undefined}
                      type="checkbox"
                    />
                    <span
                      className="ant-checkbox-inner"
                    />
                  </span>
                  <span>
                    Cramping of the legs with exercise
                  </span>
                </label>
                <label
                  className="ant-checkbox-group-item ant-checkbox-wrapper"
                  onMouseEnter={undefined}
                  onMouseLeave={undefined}
                  style={undefined}
                >
                  <span
                    className="ant-checkbox"
                    style={Object {}}
                  >
                    <input
                      checked={false}
                      className="ant-checkbox-input"
                      disabled={undefined}
                      name={undefined}
                      onBlur={[Function]}
                      onChange={[Function]}
                      onClick={undefined}
                      onFocus={[Function]}
                      readOnly={undefined}
                      tabIndex={undefined}
                      type="checkbox"
                    />
                    <span
                      className="ant-checkbox-inner"
                    />
                  </span>
                  <span>
                    Abnormal heartbeats or rhythms
                  </span>
                </label>
                <label
                  className="ant-checkbox-group-item ant-checkbox-wrapper"
                  onMouseEnter={undefined}
                  onMouseLeave={undefined}
                  style={undefined}
                >
                  <span
                    className="ant-checkbox"
                    style={Object {}}
                  >
                    <input
                      checked={false}
                      className="ant-checkbox-input"
                      disabled={undefined}
                      name={undefined}
                      onBlur={[Function]}
                      onChange={[Function]}
                      onClick={undefined}
                      onFocus={[Function]}
                      readOnly={undefined}
                      tabIndex={undefined}
                      type="checkbox"
                    />
                    <span
                      className="ant-checkbox-inner"
                    />
                  </span>
                  <span>
                    None apply
                  </span>
                </label>
              </div>
            </div>
          </div>
        </div>
      </div>
    </div>
  </div>
  <div
    className="ant-row ant-form-item"
    style={undefined}
  >
    <div
      className="ant-form-item-control-wrapper"
    >
      <div
        className="ant-form-item-control "
      >
        <div>
          <h3>
            Heart Disease
          </h3>
          <div
            className=""
          >
            <div
              className="form-item"
            >
              <div
                className="ant-checkbox-group"
              >
                <label
                  className="ant-checkbox-group-item ant-checkbox-wrapper"
                  onMouseEnter={undefined}
                  onMouseLeave={undefined}
                  style={undefined}
                >
                  <span
                    className="ant-checkbox"
                    style={Object {}}
                  >
                    <input
                      checked={false}
                      className="ant-checkbox-input"
                      disabled={undefined}
                      name={undefined}
                      onBlur={[Function]}
                      onChange={[Function]}
                      onClick={undefined}
                      onFocus={[Function]}
                      readOnly={undefined}
                      tabIndex={undefined}
                      type="checkbox"
                    />
                    <span
                      className="ant-checkbox-inner"
                    />
                  </span>
                  <span>
                    Diabetes
                  </span>
                </label>
                <label
                  className="ant-checkbox-group-item ant-checkbox-wrapper"
                  onMouseEnter={undefined}
                  onMouseLeave={undefined}
                  style={undefined}
                >
                  <span
                    className="ant-checkbox"
                    style={Object {}}
                  >
                    <input
                      checked={false}
                      className="ant-checkbox-input"
                      disabled={undefined}
                      name={undefined}
                      onBlur={[Function]}
                      onChange={[Function]}
                      onClick={undefined}
                      onFocus={[Function]}
                      readOnly={undefined}
                      tabIndex={undefined}
                      type="checkbox"
                    />
                    <span
                      className="ant-checkbox-inner"
                    />
                  </span>
                  <span>
                    High blood pressure
                  </span>
                </label>
                <label
                  className="ant-checkbox-group-item ant-checkbox-wrapper"
                  onMouseEnter={undefined}
                  onMouseLeave={undefined}
                  style={undefined}
                >
                  <span
                    className="ant-checkbox"
                    style={Object {}}
                  >
                    <input
                      checked={false}
                      className="ant-checkbox-input"
                      disabled={undefined}
                      name={undefined}
                      onBlur={[Function]}
                      onChange={[Function]}
                      onClick={undefined}
                      onFocus={[Function]}
                      readOnly={undefined}
                      tabIndex={undefined}
                      type="checkbox"
                    />
                    <span
                      className="ant-checkbox-inner"
                    />
                  </span>
                  <span>
                    High cholesterol
                  </span>
                </label>
                <label
                  className="ant-checkbox-group-item ant-checkbox-wrapper"
                  onMouseEnter={undefined}
                  onMouseLeave={undefined}
                  style={undefined}
                >
                  <span
                    className="ant-checkbox"
                    style={Object {}}
                  >
                    <input
                      checked={false}
                      className="ant-checkbox-input"
                      disabled={undefined}
                      name={undefined}
                      onBlur={[Function]}
                      onChange={[Function]}
                      onClick={undefined}
                      onFocus={[Function]}
                      readOnly={undefined}
                      tabIndex={undefined}
                      type="checkbox"
                    />
                    <span
                      className="ant-checkbox-inner"
                    />
                  </span>
                  <span>
                    My father had a heart attack or heart disease at 55 years or younger
                  </span>
                </label>
                <label
                  className="ant-checkbox-group-item ant-checkbox-wrapper"
                  onMouseEnter={undefined}
                  onMouseLeave={undefined}
                  style={undefined}
                >
                  <span
                    className="ant-checkbox"
                    style={Object {}}
                  >
                    <input
                      checked={false}
                      className="ant-checkbox-input"
                      disabled={undefined}
                      name={undefined}
                      onBlur={[Function]}
                      onChange={[Function]}
                      onClick={undefined}
                      onFocus={[Function]}
                      readOnly={undefined}
                      tabIndex={undefined}
                      type="checkbox"
                    />
                    <span
                      className="ant-checkbox-inner"
                    />
                  </span>
                  <span>
                    My mother had a heart attack or heart disease at 65 years or younger
                  </span>
                </label>
                <label
                  className="ant-checkbox-group-item ant-checkbox-wrapper"
                  onMouseEnter={undefined}
                  onMouseLeave={undefined}
                  style={undefined}
                >
                  <span
                    className="ant-checkbox"
                    style={Object {}}
                  >
                    <input
                      checked={false}
                      className="ant-checkbox-input"
                      disabled={undefined}
                      name={undefined}
                      onBlur={[Function]}
                      onChange={[Function]}
                      onClick={undefined}
                      onFocus={[Function]}
                      readOnly={undefined}
                      tabIndex={undefined}
                      type="checkbox"
                    />
                    <span
                      className="ant-checkbox-inner"
                    />
                  </span>
                  <span>
                    None apply
                  </span>
                </label>
              </div>
            </div>
          </div>
        </div>
      </div>
    </div>
  </div>
  <div
    className="ant-row ant-form-item"
    style={undefined}
  >
    <div
      className="ant-form-item-control-wrapper"
    >
      <div
        className="ant-form-item-control "
      >
        <div>
          <h3>
            Conditions
          </h3>
          <div
            className=""
          >
            <div
              className="form-item"
            >
              <div
                className="ant-checkbox-group"
              >
                <label
                  className="ant-checkbox-group-item ant-checkbox-wrapper"
                  onMouseEnter={undefined}
                  onMouseLeave={undefined}
                  style={undefined}
                >
                  <span
                    className="ant-checkbox"
                    style={Object {}}
                  >
                    <input
                      checked={false}
                      className="ant-checkbox-input"
                      disabled={undefined}
                      name={undefined}
                      onBlur={[Function]}
                      onChange={[Function]}
                      onClick={undefined}
                      onFocus={[Function]}
                      readOnly={undefined}
                      tabIndex={undefined}
                      type="checkbox"
                    />
                    <span
                      className="ant-checkbox-inner"
                    />
                  </span>
                  <span>
                    Priapism (erection lasting longer than 4 hours)
                  </span>
                </label>
                <label
                  className="ant-checkbox-group-item ant-checkbox-wrapper"
                  onMouseEnter={undefined}
                  onMouseLeave={undefined}
                  style={undefined}
                >
                  <span
                    className="ant-checkbox"
                    style={Object {}}
                  >
                    <input
                      checked={false}
                      className="ant-checkbox-input"
                      disabled={undefined}
                      name={undefined}
                      onBlur={[Function]}
                      onChange={[Function]}
                      onClick={undefined}
                      onFocus={[Function]}
                      readOnly={undefined}
                      tabIndex={undefined}
                      type="checkbox"
                    />
                    <span
                      className="ant-checkbox-inner"
                    />
                  </span>
                  <span>
                    Retinitis pigmentosa
                  </span>
                </label>
                <label
                  className="ant-checkbox-group-item ant-checkbox-wrapper"
                  onMouseEnter={undefined}
                  onMouseLeave={undefined}
                  style={undefined}
                >
                  <span
                    className="ant-checkbox"
                    style={Object {}}
                  >
                    <input
                      checked={false}
                      className="ant-checkbox-input"
                      disabled={undefined}
                      name={undefined}
                      onBlur={[Function]}
                      onChange={[Function]}
                      onClick={undefined}
                      onFocus={[Function]}
                      readOnly={undefined}
                      tabIndex={undefined}
                      type="checkbox"
                    />
                    <span
                      className="ant-checkbox-inner"
                    />
                  </span>
                  <span>
                    Anterior ischaemic optic neuropathy (AION)
                  </span>
                </label>
                <label
                  className="ant-checkbox-group-item ant-checkbox-wrapper"
                  onMouseEnter={undefined}
                  onMouseLeave={undefined}
                  style={undefined}
                >
                  <span
                    className="ant-checkbox"
                    style={Object {}}
                  >
                    <input
                      checked={false}
                      className="ant-checkbox-input"
                      disabled={undefined}
                      name={undefined}
                      onBlur={[Function]}
                      onChange={[Function]}
                      onClick={undefined}
                      onFocus={[Function]}
                      readOnly={undefined}
                      tabIndex={undefined}
                      type="checkbox"
                    />
                    <span
                      className="ant-checkbox-inner"
                    />
                  </span>
                  <span>
                    Sickle cell disease
                  </span>
                </label>
                <label
                  className="ant-checkbox-group-item ant-checkbox-wrapper"
                  onMouseEnter={undefined}
                  onMouseLeave={undefined}
                  style={undefined}
                >
                  <span
                    className="ant-checkbox"
                    style={Object {}}
                  >
                    <input
                      checked={false}
                      className="ant-checkbox-input"
                      disabled={undefined}
                      name={undefined}
                      onBlur={[Function]}
                      onChange={[Function]}
                      onClick={undefined}
                      onFocus={[Function]}
                      readOnly={undefined}
                      tabIndex={undefined}
                      type="checkbox"
                    />
                    <span
                      className="ant-checkbox-inner"
                    />
                  </span>
                  <span>
                    Blood clotting disorder, abnormal bleeding or bruising, or coagulopathy
                  </span>
                </label>
                <label
                  className="ant-checkbox-group-item ant-checkbox-wrapper"
                  onMouseEnter={undefined}
                  onMouseLeave={undefined}
                  style={undefined}
                >
                  <span
                    className="ant-checkbox"
                    style={Object {}}
                  >
                    <input
                      checked={false}
                      className="ant-checkbox-input"
                      disabled={undefined}
                      name={undefined}
                      onBlur={[Function]}
                      onChange={[Function]}
                      onClick={undefined}
                      onFocus={[Function]}
                      readOnly={undefined}
                      tabIndex={undefined}
                      type="checkbox"
                    />
                    <span
                      className="ant-checkbox-inner"
                    />
                  </span>
                  <span>
                    Myeloma or leukemia
                  </span>
                </label>
                <label
                  className="ant-checkbox-group-item ant-checkbox-wrapper"
                  onMouseEnter={undefined}
                  onMouseLeave={undefined}
                  style={undefined}
                >
                  <span
                    className="ant-checkbox"
                    style={Object {}}
                  >
                    <input
                      checked={false}
                      className="ant-checkbox-input"
                      disabled={undefined}
                      name={undefined}
                      onBlur={[Function]}
                      onChange={[Function]}
                      onClick={undefined}
                      onFocus={[Function]}
                      readOnly={undefined}
                      tabIndex={undefined}
                      type="checkbox"
                    />
                    <span
                      className="ant-checkbox-inner"
                    />
                  </span>
                  <span>
                    Stomach or intestinal ulcer
                  </span>
                </label>
                <label
                  className="ant-checkbox-group-item ant-checkbox-wrapper"
                  onMouseEnter={undefined}
                  onMouseLeave={undefined}
                  style={undefined}
                >
                  <span
                    className="ant-checkbox"
                    style={Object {}}
                  >
                    <input
                      checked={false}
                      className="ant-checkbox-input"
                      disabled={undefined}
                      name={undefined}
                      onBlur={[Function]}
                      onChange={[Function]}
                      onClick={undefined}
                      onFocus={[Function]}
                      readOnly={undefined}
                      tabIndex={undefined}
                      type="checkbox"
                    />
                    <span
                      className="ant-checkbox-inner"
                    />
                  </span>
                  <span>
                    None apply
                  </span>
                </label>
              </div>
            </div>
          </div>
        </div>
      </div>
    </div>
  </div>
  <div
    className="ant-row ant-form-item"
    style={undefined}
  >
    <div
      className="ant-form-item-control-wrapper"
    >
      <div
        className="ant-form-item-control "
      >
        <div>
          <h3>
            Conflicting Medications
          </h3>
          <div
            className=""
          >
            <div
              className="form-item"
            >
              <div
                className="ant-checkbox-group"
              >
                <label
                  className="ant-checkbox-group-item ant-checkbox-wrapper"
                  onMouseEnter={undefined}
                  onMouseLeave={undefined}
                  style={undefined}
                >
                  <span
                    className="ant-checkbox"
                    style={Object {}}
                  >
                    <input
                      checked={false}
                      className="ant-checkbox-input"
                      disabled={undefined}
                      name={undefined}
                      onBlur={[Function]}
                      onChange={[Function]}
                      onClick={undefined}
                      onFocus={[Function]}
                      readOnly={undefined}
                      tabIndex={undefined}
                      type="checkbox"
                    />
                    <span
                      className="ant-checkbox-inner"
                    />
                  </span>
                  <span>
                    Nitroglycerin spray, ointment, patches or tablets (Nitro-Dur, Nitrolingual, Nitrostat, Nitromist, Nitrolingual, Nitro-Bid, Transderm-Nitro, Nitro-Time, Deponit, Minitran, Nitrek, Nitrodisc, Nitrogard, Nitroglyn, Nitrol ointment, Nitrong, Nitro-Par)
                  </span>
                </label>
                <label
                  className="ant-checkbox-group-item ant-checkbox-wrapper"
                  onMouseEnter={undefined}
                  onMouseLeave={undefined}
                  style={undefined}
                >
                  <span
                    className="ant-checkbox"
                    style={Object {}}
                  >
                    <input
                      checked={false}
                      className="ant-checkbox-input"
                      disabled={undefined}
                      name={undefined}
                      onBlur={[Function]}
                      onChange={[Function]}
                      onClick={undefined}
                      onFocus={[Function]}
                      readOnly={undefined}
                      tabIndex={undefined}
                      type="checkbox"
                    />
                    <span
                      className="ant-checkbox-inner"
                    />
                  </span>
                  <span>
                    Isosorbide mononitrate or isosorbide dinitrate (Isordil, Dilatrate, Sorbitrate, Imdur, Ismo, Monoket)
                  </span>
                </label>
                <label
                  className="ant-checkbox-group-item ant-checkbox-wrapper"
                  onMouseEnter={undefined}
                  onMouseLeave={undefined}
                  style={undefined}
                >
                  <span
                    className="ant-checkbox"
                    style={Object {}}
                  >
                    <input
                      checked={false}
                      className="ant-checkbox-input"
                      disabled={undefined}
                      name={undefined}
                      onBlur={[Function]}
                      onChange={[Function]}
                      onClick={undefined}
                      onFocus={[Function]}
                      readOnly={undefined}
                      tabIndex={undefined}
                      type="checkbox"
                    />
                    <span
                      className="ant-checkbox-inner"
                    />
                  </span>
                  <span>
                    Amyl nitrate, butyl nitrite, or similar recreational drugs (Poppers, Rush)
                  </span>
                </label>
                <label
                  className="ant-checkbox-group-item ant-checkbox-wrapper"
                  onMouseEnter={undefined}
                  onMouseLeave={undefined}
                  style={undefined}
                >
                  <span
                    className="ant-checkbox"
                    style={Object {}}
                  >
                    <input
                      checked={false}
                      className="ant-checkbox-input"
                      disabled={undefined}
                      name={undefined}
                      onBlur={[Function]}
                      onChange={[Function]}
                      onClick={undefined}
                      onFocus={[Function]}
                      readOnly={undefined}
                      tabIndex={undefined}
                      type="checkbox"
                    />
                    <span
                      className="ant-checkbox-inner"
                    />
                  </span>
                  <span>
                    Other medicines containing nitrates
                  </span>
                </label>
                <label
                  className="ant-checkbox-group-item ant-checkbox-wrapper"
                  onMouseEnter={undefined}
                  onMouseLeave={undefined}
                  style={undefined}
                >
                  <span
                    className="ant-checkbox"
                    style={Object {}}
                  >
                    <input
                      checked={false}
                      className="ant-checkbox-input"
                      disabled={undefined}
                      name={undefined}
                      onBlur={[Function]}
                      onChange={[Function]}
                      onClick={undefined}
                      onFocus={[Function]}
                      readOnly={undefined}
                      tabIndex={undefined}
                      type="checkbox"
                    />
                    <span
                      className="ant-checkbox-inner"
                    />
                  </span>
                  <span>
                    Alpha blockers to treat high blood pressure or prostate problems, including doxazosin (Cardura), prazosin (Minipress), alfuzosin (Uroxatral), silodosin (Rapaflo), tamsulosin (Flomax), terazosin (Hytrin)
                  </span>
                </label>
                <label
                  className="ant-checkbox-group-item ant-checkbox-wrapper"
                  onMouseEnter={undefined}
                  onMouseLeave={undefined}
                  style={undefined}
                >
                  <span
                    className="ant-checkbox"
                    style={Object {}}
                  >
                    <input
                      checked={false}
                      className="ant-checkbox-input"
                      disabled={undefined}
                      name={undefined}
                      onBlur={[Function]}
                      onChange={[Function]}
                      onClick={undefined}
                      onFocus={[Function]}
                      readOnly={undefined}
                      tabIndex={undefined}
                      type="checkbox"
                    />
                    <span
                      className="ant-checkbox-inner"
                    />
                  </span>
                  <span>
                    Sildenafil (Revatio) used to treat pulmonary hypertension
                  </span>
                </label>
                <label
                  className="ant-checkbox-group-item ant-checkbox-wrapper"
                  onMouseEnter={undefined}
                  onMouseLeave={undefined}
                  style={undefined}
                >
                  <span
                    className="ant-checkbox"
                    style={Object {}}
                  >
                    <input
                      checked={false}
                      className="ant-checkbox-input"
                      disabled={undefined}
                      name={undefined}
                      onBlur={[Function]}
                      onChange={[Function]}
                      onClick={undefined}
                      onFocus={[Function]}
                      readOnly={undefined}
                      tabIndex={undefined}
                      type="checkbox"
                    />
                    <span
                      className="ant-checkbox-inner"
                    />
                  </span>
                  <span>
                    Riociguat (Adempas) used to treat pulmonary hypertension
                  </span>
                </label>
                <label
                  className="ant-checkbox-group-item ant-checkbox-wrapper"
                  onMouseEnter={undefined}
                  onMouseLeave={undefined}
                  style={undefined}
                >
                  <span
                    className="ant-checkbox"
                    style={Object {}}
                  >
                    <input
                      checked={false}
                      className="ant-checkbox-input"
                      disabled={undefined}
                      name={undefined}
                      onBlur={[Function]}
                      onChange={[Function]}
                      onClick={undefined}
                      onFocus={[Function]}
                      readOnly={undefined}
                      tabIndex={undefined}
                      type="checkbox"
                    />
                    <span
                      className="ant-checkbox-inner"
                    />
                  </span>
                  <span>
                    None apply
                  </span>
                </label>
              </div>
            </div>
          </div>
        </div>
      </div>
    </div>
  </div>
  <div
    className="ant-row ant-form-item"
    style={undefined}
  >
    <div
      className="ant-form-item-control-wrapper"
    >
      <div
        className="ant-form-item-control "
      >
        <div>
          <h3>
            Note
          </h3>
          <div
            className=""
          >
            <div
              className="form-item"
            >
              <input
                className="ant-input"
                disabled={false}
                id="id_survey_item_467"
                name="surveyItem467"
                onBlur={[Function]}
                onChange={[Function]}
                onDragStart={[Function]}
                onDrop={[Function]}
                onFocus={[Function]}
                onKeyDown={[Function]}
                type="text"
                value=""
              />
            </div>
          </div>
        </div>
      </div>
    </div>
  </div>
  <div
    className="ant-row ant-form-item"
    style={undefined}
  >
    <div
      className="ant-form-item-control-wrapper"
    >
      <div
        className="ant-form-item-control "
      >
        <button
          className="ant-btn ant-btn-primary ant-btn-lg"
          disabled={true}
          onClick={[Function]}
          onMouseUp={[Function]}
          type="submit"
        >
          <span>
            SAVE
          </span>
        </button>
      </div>
    </div>
  </div>
</form>
`;
